// Jest Snapshot v1, https://goo.gl/fbAQLP

exports[`LanguagePicker komponent matcher snapshot 1`] = `"<button class=\\"topStripeMenuShowChevron-117 topStripeButton-125\\" style=\\"cursor: pointer;\\" aria-haspopup=\\"true\\" aria-expanded=\\"false\\"><span class=\\"topStripeMenuIcon-116\\"><i aria-hidden=\\"true\\" class=\\"root-105\\"></i></span><span><span class=\\"languageButtonFlag-114\\"><img src=\\"NorwegianFlag.svg\\" alt=\\"\\"></span>Bokmål</span><i data-icon-name=\\"MenuDown\\" aria-hidden=\\"true\\" class=\\"topStripeMenuChevronIcon-128\\"></i></button>"`;
