// Jest Snapshot v1, https://goo.gl/fbAQLP

exports[`LanguagePicker komponent matcher snapshot 1`] = `"<button class=\\"topStripeMenuShowChevron-117 topStripeButton-126\\" style=\\"cursor: pointer;\\" aria-haspopup=\\"true\\" aria-expanded=\\"false\\"><div class=\\"topStripeMenuTitle-119\\"><span class=\\"languageButtonFlag-114\\"><img src=\\"NorwegianFlag.svg\\" alt=\\"\\"></span>Bokmål</div><i data-icon-name=\\"MenuDown\\" aria-hidden=\\"true\\" class=\\"topStripeMenuChevronIcon-129\\"></i></button>"`;
