// Jest Snapshot v1, https://goo.gl/fbAQLP

exports[`Callout komponent matcher snapshot 1`] = `
<div
  className="calloutWrapper-75"
>
  <div
    className="ms-Callout-container container-77"
  >
    <div
      className="ms-Callout SkeCallout-78"
      style={
        Object {
          "filter": "opacity(0)",
          "opacity": 0,
        }
      }
      tabIndex={-1}
    >
      <div
        className="ms-Callout-main calloutMain-81"
        onKeyDown={[Function]}
        onMouseDown={[Function]}
        onMouseUp={[Function]}
        style={
          Object {
            "maxHeight": 752,
            "outline": "none",
            "overflowY": undefined,
          }
        }
      >
        <button
          aria-label="Lukk"
          className="ms-Button ms-Button--icon closeButton-83"
          data-is-focusable={true}
          onClick={[Function]}
          onKeyDown={[Function]}
          onKeyPress={[Function]}
          onKeyUp={[Function]}
          onMouseDown={[Function]}
          onMouseUp={[Function]}
          type="button"
        >
          <span
            className="ms-Button-flexContainer flexContainer-84"
            data-automationid="splitbuttonprimary"
          >
            <i
              aria-hidden={true}
              className="ms-Icon root-38 css-91 ms-Button-icon icon-86"
              data-icon-name="Cancel"
              role="presentation"
              style={
                Object {
                  "fontFamily": "\\"Material Icons\\"",
                }
              }
            >
              
            </i>
          </span>
        </button>
      </div>
    </div>
  </div>
</div>
`;
