// Jest Snapshot v1, https://goo.gl/fbAQLP

exports[`FooterContent komponent matcher snapshot  1`] = `
<div>
  <div
    aria-hidden="true"
    className=

        {
          line-height: 0px;
          margin-bottom: -5px;
          width: 100%;
        }
        & svg {
          height: 85px;
          overflow: hidden;
        }
  >
    <svg
      className="footer-decoration-svg"
      focusable="false"
      height="100%"
      preserveAspectRatio="none"
      version="1.1"
      viewBox="0 0 1440 100"
      width="100%"
      xmlns="http://www.w3.org/2000/svg"
    >
      <desc />
      <defs />
      <g
        fill="none"
        fillRule="evenodd"
        stroke="none"
        strokeWidth="0"
      >
        <g
          id="bakgrunn"
        >
          <polygon
            fill="#f3a7b0"
            points="0 99.6400524 1440 99.6400524 1440 69.2255838 0 17.1793194"
          />
          <path
            d="M1440,98 L1440,629 L0,629 L0,98 L1440,0 L1440,98 Z"
            fill="#6f2c3f"
          />
        </g>
      </g>
    </svg>
  </div>
  <footer
    className=

        {
          background-color: #6f2c3f;
          color: #ffffff;
        }
  >
    <div
      className=

          {
            background-color: #6f2c3f;
            padding-bottom: 24px;
            padding-left: 4px;
            padding-right: 4px;
            padding-top: 24px;
          }
          @media (max-width: 1023px){& {
            max-width: 100%;
            padding-bottom: 24px;
            padding-left: 16px;
            padding-right: 16px;
            padding-top: 24px;
          }
    />
  </footer>
</div>
`;
