// Jest Snapshot v1, https://goo.gl/fbAQLP

exports[`FooterContent komponent matcher snapshot  1`] = `
<div>
  <div
    aria-hidden="true"
    className="footerDecorContainer-56"
  >
    <svg
      className="footer-decoration-svg"
      focusable="false"
      height="100%"
      preserveAspectRatio="none"
      version="1.1"
      viewBox="0 0 1440 100"
      width="100%"
      xmlns="http://www.w3.org/2000/svg"
    >
      <desc />
      <defs />
      <g
        fill="none"
        fillRule="evenodd"
        stroke="none"
        strokeWidth="0"
      >
        <g
          id="bakgrunn"
        >
          <polygon
            fill="#C0797E"
            points="0 99.6400524 1440 99.6400524 1440 69.2255838 0 17.1793194"
          />
          <path
            d="M1440,98 L1440,629 L0,629 L0,98 L1440,0 L1440,98 Z"
            fill="#6F2C3F"
          />
        </g>
      </g>
    </svg>
  </div>
  <footer
    className="footerWrapper-54"
  >
    <div
      className="footerContent-55"
    />
  </footer>
</div>
`;
