// Jest Snapshot v1, https://goo.gl/fbAQLP

exports[`Checkbox komponent matcher snapshot 1`] = `
<div
  className="ms-Checkbox reversed is-enabled SkeAvkrysningsboks-75"
>
  <input
    aria-checked="false"
    checked={false}
    className="input-76"
    id="checkbox-1"
    onBlur={[Function]}
    onChange={[Function]}
    onFocus={[Function]}
    type="checkbox"
  />
  <label
    className="ms-Checkbox-label label-77"
    htmlFor="checkbox-1"
  >
    <div
      className="ms-Checkbox-checkbox checkbox-78"
    >
      <i
        aria-hidden={true}
        className="ms-Checkbox-checkmark checkmark-82"
        data-icon-name="CheckMark"
      >
        
      </i>
    </div>
  </label>
</div>
`;
