// Jest Snapshot v1, https://goo.gl/fbAQLP

exports[`SearchField komponent matcher snapshot 1`] = `
Array [
  <div
    className="labelArea-45"
  >
    <span
      className="label-46"
    />
  </div>,
  <div
    className="ms-SearchBox SkeSearchField-50"
    onFocusCapture={[Function]}
    role="search"
  >
    <div
      aria-hidden={true}
      className="ms-SearchBox-iconContainer iconContainer-51"
      onClick={[Function]}
    >
      <i
        aria-hidden={true}
        className="ms-SearchBox-icon icon-56"
        data-icon-name="Search"
      >
        
      </i>
    </div>
    <input
      className="ms-SearchBox-field field-54"
      id="SearchBox0"
      onChange={[Function]}
      onInput={[Function]}
      onKeyDown={[Function]}
      role="searchbox"
      value=""
    />
  </div>,
]
`;
