// Jest Snapshot v1, https://goo.gl/fbAQLP

exports[`SearchField komponent matcher snapshot 1`] = `
<div
  id="searchfield-123"
>
  <div
    className="calloutLabelWrapper-48"
  />
  <div
    className="ms-SearchBox SkeSearchField-56"
    onFocusCapture={[Function]}
  >
    <div
      aria-hidden={true}
      className="ms-SearchBox-iconContainer iconContainer-57"
      onClick={[Function]}
    >
      <i
        aria-hidden={true}
        className="ms-SearchBox-icon icon-62"
        data-icon-name="Search"
        onClick={[Function]}
        title=""
      >
        
      </i>
    </div>
    <input
      className="ms-SearchBox-field field-60"
      id="SearchBox0"
      onBlur={[Function]}
      onChange={[Function]}
      onInput={[Function]}
      onKeyDown={[Function]}
      role="searchbox"
      type="search"
      value=""
    />
  </div>
</div>
`;
