// Jest Snapshot v1, https://goo.gl/fbAQLP

exports[`TopStripe komponent matcher snapshot 1`] = `
<div>
  <div
    className="overlay-40"
    id="topStripeOverlay"
    onClick={[Function]}
  />
  <div
    className="container-42"
  >
    <div
      className="nav-43"
      id="topStripeNav"
    >
      <ul
        className="navMenu-44"
      >
        <li
          className="navMenuchoice-45 navMenuchoiceNotSmallDevice-46"
        >
          <a
            className="ms-Link navMenuchoiceLink-65"
            href="https://skatteetaten.no/kontakt/"
            onClick={[Function]}
            tabIndex={-1}
          >
            <button
              aria-label="Kontakt oss"
              className="ms-Button ms-Button--action ms-Button--command navMenuchoiceButton-67"
              data-is-focusable={true}
              onClick={[Function]}
              onKeyDown={[Function]}
              onKeyPress={[Function]}
              onKeyUp={[Function]}
              onMouseDown={[Function]}
              onMouseUp={[Function]}
              role="button"
              type="button"
            >
              <span
                className="ms-Button-flexContainer flexContainer-68"
                data-automationid="splitbuttonprimary"
              >
                <span
                  className="ms-Button-textContainer textContainer-69"
                >
                  <span
                    className="ms-Button-label label-71"
                    id="id__0"
                  >
                    Kontakt oss
                  </span>
                </span>
              </span>
            </button>
          </a>
        </li>
        <li
          className="navMenuchoice-45"
        >
          <button
            aria-label="Language / Språk"
            className="ms-Button ms-Button--action ms-Button--command navMenuchoiceButton-67"
            data-is-focusable={true}
            onClick={[Function]}
            onKeyDown={[Function]}
            onKeyPress={[Function]}
            onKeyUp={[Function]}
            onMouseDown={[Function]}
            onMouseUp={[Function]}
            role="button"
            type="button"
          >
            <span
              className="ms-Button-flexContainer flexContainer-68"
              data-automationid="splitbuttonprimary"
            >
              <span
                className="ms-Button-textContainer textContainer-69"
              >
                <span
                  className="ms-Button-label label-71"
                  id="id__3"
                >
                  Language / Språk
                </span>
              </span>
            </span>
          </button>
          <div
            className="dropdownContainer-51 dropdownContainerList-53"
          >
            <ul
              className="dropdownList-55"
            >
              <li
                className="dropdownMenuchoice-56 dropdownMenuchoiceActive-57"
              >
                <button
                  aria-label="Bokmål"
                  className="ms-Button ms-Button--action ms-Button--command dropdownMenuchoiceButtonActive-75"
                  data-is-focusable={true}
                  onClick={[Function]}
                  onKeyDown={[Function]}
                  onKeyPress={[Function]}
                  onKeyUp={[Function]}
                  onMouseDown={[Function]}
                  onMouseUp={[Function]}
                  role="button"
                  type="button"
                >
                  <span
                    className="ms-Button-flexContainer flexContainer-68"
                    data-automationid="splitbuttonprimary"
                  >
                    <i
                      aria-hidden={true}
                      className="ms-Icon root-33 css-76 ms-Button-icon icon-70"
                      data-icon-name="Check"
                      role="presentation"
                    >
                      
                    </i>
                    <span
                      className="ms-Button-textContainer textContainer-69"
                    >
                      <span
                        className="ms-Button-label label-71"
                        id="id__6"
                      >
                        Bokmål
                      </span>
                    </span>
                  </span>
                </button>
              </li>
              <li
                className="dropdownMenuchoice-56"
              >
                <button
                  aria-label="English"
                  className="ms-Button ms-Button--action ms-Button--command dropdownMenuchoiceButtonEmptyIcon-77"
                  data-is-focusable={true}
                  onClick={[Function]}
                  onKeyDown={[Function]}
                  onKeyPress={[Function]}
                  onKeyUp={[Function]}
                  onMouseDown={[Function]}
                  onMouseUp={[Function]}
                  role="button"
                  type="button"
                >
                  <span
                    className="ms-Button-flexContainer flexContainer-68"
                    data-automationid="splitbuttonprimary"
                  >
                    <span
                      className="ms-Button-textContainer textContainer-69"
                    >
                      <span
                        className="ms-Button-label label-71"
                        id="id__9"
                      >
                        English
                      </span>
                    </span>
                  </span>
                </button>
              </li>
              <li
                className="dropdownMenuchoice-56"
              >
                <button
                  aria-label="Nynorsk"
                  className="ms-Button ms-Button--action ms-Button--command dropdownMenuchoiceButtonEmptyIcon-77"
                  data-is-focusable={true}
                  onClick={[Function]}
                  onKeyDown={[Function]}
                  onKeyPress={[Function]}
                  onKeyUp={[Function]}
                  onMouseDown={[Function]}
                  onMouseUp={[Function]}
                  role="button"
                  type="button"
                >
                  <span
                    className="ms-Button-flexContainer flexContainer-68"
                    data-automationid="splitbuttonprimary"
                  >
                    <span
                      className="ms-Button-textContainer textContainer-69"
                    >
                      <span
                        className="ms-Button-label label-71"
                        id="id__12"
                      >
                        Nynorsk
                      </span>
                    </span>
                  </span>
                </button>
              </li>
              <li
                className="dropdownMenuchoiceClose-62"
              >
                <button
                  aria-label="Lukk meny"
                  className="ms-Button ms-Button--action ms-Button--command root-78"
                  data-is-focusable={true}
                  id="spraak-close"
                  onClick={[Function]}
                  onKeyDown={[Function]}
                  onKeyPress={[Function]}
                  onKeyUp={[Function]}
                  onMouseDown={[Function]}
                  onMouseUp={[Function]}
                  role="button"
                  type="button"
                >
                  <span
                    className="ms-Button-flexContainer flexContainer-68"
                    data-automationid="splitbuttonprimary"
                  >
                    <i
                      aria-hidden={true}
                      className="ms-Icon root-33 css-76 ms-Button-icon icon-70"
                      data-icon-name="ChevronUp"
                      role="presentation"
                    >
                      
                    </i>
                  </span>
                </button>
                <span
                  className="hiddenText-50"
                >
                  Lukk meny
                </span>
              </li>
            </ul>
          </div>
        </li>
        <li
          className="navMenuchoice-45 navMenuchoiceNotSmallDevice-46"
        >
          <button
            aria-label="Endre skriftstørrelse"
            className="ms-Button ms-Button--action ms-Button--command navMenuchoiceButton-67"
            data-is-focusable={true}
            onClick={[Function]}
            onKeyDown={[Function]}
            onKeyPress={[Function]}
            onKeyUp={[Function]}
            onMouseDown={[Function]}
            onMouseUp={[Function]}
            role="button"
            type="button"
          >
            <span
              className="ms-Button-flexContainer flexContainer-68"
              data-automationid="splitbuttonprimary"
            >
              <span
                className="ms-Button-textContainer textContainer-69"
              >
                <span
                  className="ms-Button-label label-71"
                  id="id__18"
                >
                  Endre skriftstørrelse
                </span>
              </span>
            </span>
          </button>
          <div
            className="dropdownContainer-51 dropdownContainerRight-52"
            onClick={[Function]}
          >
            <div
              className="info-63"
            >
              Hold Ctrl-tasten nede (Cmd-tasten på Mac). Trykk på + for å forstørre eller - for å forminske.
            </div>
            <div
              className="infoClose-64"
            >
              <button
                aria-label="Lukk meny"
                className="ms-Button ms-Button--action ms-Button--command root-78"
                data-is-focusable={true}
                id="skrift-choice"
                onClick={[Function]}
                onKeyDown={[Function]}
                onKeyPress={[Function]}
                onKeyUp={[Function]}
                onMouseDown={[Function]}
                onMouseUp={[Function]}
                role="button"
                type="button"
              >
                <span
                  className="ms-Button-flexContainer flexContainer-68"
                  data-automationid="splitbuttonprimary"
                >
                  <i
                    aria-hidden={true}
                    className="ms-Icon root-33 css-76 ms-Button-icon icon-70"
                    data-icon-name="ChevronUp"
                    role="presentation"
                  >
                    
                  </i>
                </span>
              </button>
              <span
                className="hiddenText-50"
              >
                Lukk meny
              </span>
            </div>
          </div>
        </li>
        <li
          className="navMenuchoice-45"
        >
          <button
            aria-label="Bruker"
            className="ms-Button ms-Button--action ms-Button--command navMenuchoiceButton-67"
            data-is-focusable={true}
            onClick={[Function]}
            onKeyDown={[Function]}
            onKeyPress={[Function]}
            onKeyUp={[Function]}
            onMouseDown={[Function]}
            onMouseUp={[Function]}
            role="button"
            type="button"
          >
            <span
              className="ms-Button-flexContainer flexContainer-68"
              data-automationid="splitbuttonprimary"
            >
              <i
                aria-hidden={true}
                className="ms-Icon root-33 css-76 ms-Button-icon icon-70"
                data-icon-name="Person"
                role="presentation"
              >
                
              </i>
              <span
                className="ms-Button-textContainer textContainer-69"
              >
                <span
                  className="ms-Button-label label-71"
                  id="id__24"
                >
                  Bruker
                </span>
              </span>
            </span>
          </button>
          <div
            className="dropdownContainer-51 dropdownContainerList-53 dropdownContainerRight-52"
          >
            <ul
              className="dropdownList-55"
            >
              <li
                className="dropdownMenuchoice-56"
              >
                <a
                  className="ms-Link dropdownMenuchoiceLink-79"
                  href="https://skatteetaten.no/"
                  onClick={[Function]}
                  tabIndex={-1}
                >
                  <button
                    aria-label="Min profil"
                    className="ms-Button ms-Button--action ms-Button--command dropdownMenuchoiceButtonEmptyIcon-77"
                    data-is-focusable={true}
                    onClick={[Function]}
                    onKeyDown={[Function]}
                    onKeyPress={[Function]}
                    onKeyUp={[Function]}
                    onMouseDown={[Function]}
                    onMouseUp={[Function]}
                    role="button"
                    type="button"
                  >
                    <span
                      className="ms-Button-flexContainer flexContainer-68"
                      data-automationid="splitbuttonprimary"
                    >
                      <span
                        className="ms-Button-textContainer textContainer-69"
                      >
                        <span
                          className="ms-Button-label label-71"
                          id="id__27"
                        >
                          Min profil
                        </span>
                      </span>
                    </span>
                  </button>
                </a>
              </li>
              <li
                className="dropdownMenuchoice-56"
              >
                <button
                  aria-label="Favoritter"
                  className="ms-Button ms-Button--action ms-Button--command dropdownMenuchoiceButton-80"
                  data-is-focusable={true}
                  onClick={[Function]}
                  onKeyDown={[Function]}
                  onKeyPress={[Function]}
                  onKeyUp={[Function]}
                  onMouseDown={[Function]}
                  onMouseUp={[Function]}
                  role="button"
                  type="button"
                >
                  <span
                    className="ms-Button-flexContainer flexContainer-68"
                    data-automationid="splitbuttonprimary"
                  >
                    <i
                      aria-hidden={true}
                      className="ms-Icon root-33 css-76 ms-Button-icon icon-70"
                      data-icon-name="Favorite"
                      role="presentation"
                    >
                      
                    </i>
                    <span
                      className="ms-Button-textContainer textContainer-69"
                    >
                      <span
                        className="ms-Button-label label-71"
                        id="id__30"
                      >
                        Favoritter
                      </span>
                    </span>
                  </span>
                </button>
              </li>
              <li
                className="dropdownMenuchoiceClose-62"
              >
                <button
                  aria-label="Lukk meny"
                  className="ms-Button ms-Button--action ms-Button--command root-78"
                  data-is-focusable={true}
                  id="bruker-close"
                  onClick={[Function]}
                  onKeyDown={[Function]}
                  onKeyPress={[Function]}
                  onKeyUp={[Function]}
                  onMouseDown={[Function]}
                  onMouseUp={[Function]}
                  role="button"
                  type="button"
                >
                  <span
                    className="ms-Button-flexContainer flexContainer-68"
                    data-automationid="splitbuttonprimary"
                  >
                    <i
                      aria-hidden={true}
                      className="ms-Icon root-33 css-76 ms-Button-icon icon-70"
                      data-icon-name="ChevronUp"
                      role="presentation"
                    >
                      
                    </i>
                  </span>
                </button>
                <span
                  className="hiddenText-50"
                >
                  Lukk meny
                </span>
              </li>
            </ul>
          </div>
        </li>
      </ul>
    </div>
  </div>
</div>
`;
