// Jest Snapshot v1, https://goo.gl/fbAQLP

exports[`StepList komponent matcher snapshot 1`] = `
<StepList>
  <div
    className="stepList-96"
    role="region"
  >
    <Grid
      padding="0"
    >
      <div
        className="ske-Grid-101 "
        dir="ltr"
      >
        <Step
          key=".0"
          stepNumber={1}
        >
          <div
            className="wrapperStep-108"
            key="1"
          >
            <GridRow
              rowSpacing="0px"
            >
              <div
                className="ske-Grid-row-105 "
              >
                <GridCol
                  noSpacing={true}
                >
                  <div
                    className="ske-Grid-col-106 "
                  >
                    <GridRow
                      rowSpacing="0px"
                    >
                      <div
                        className="ske-Grid-row-105 "
                      >
                        <GridCol
                          sm={12}
                        >
                          <div
                            className="ske-Grid-col-107 "
                          >
                            <span
                              className="stepLine-94"
                            />
                            <span
                              className=""
                            />
                            <NumberIcon
                              styles={
                                Object {
                                  "arrowLine": "arrowLine-85",
                                  "containerStep": "containerStep-86",
                                  "content": "content-87",
                                  "divider": "divider-88",
                                  "nextStep": "nextStep-89",
                                  "numberWrapper": "numberWrapper-90",
                                  "stepAction": "stepAction-91",
                                  "stepContent": "stepContent-92",
                                  "stepContentInner": "stepContentInner-93",
                                  "stepLine": "stepLine-94",
                                  "stepLineTop": "stepLineTop-95",
                                  "stepList": "stepList-96",
                                  "stepNumber": "stepNumber-97",
                                  "subComponentStyles": Object {},
                                  "title": "title-98",
                                  "titleText": "titleText-99",
                                  "wrapperStep": "wrapperStep-108",
                                }
                              }
                            >
                              <div
                                className="numberWrapper-90"
                              >
                                <div
                                  className="stepNumber-97"
                                >
                                  <span />
                                </div>
                              </div>
                            </NumberIcon>
                            <hr
                              className="divider-88"
                            />
                            <div>
                              <div
                                className="stepContent-92"
                              >
                                <div
                                  className="stepContentInner-93"
                                />
                              </div>
                            </div>
                          </div>
                        </GridCol>
                      </div>
                    </GridRow>
                  </div>
                </GridCol>
              </div>
            </GridRow>
          </div>
        </Step>
      </div>
    </Grid>
  </div>
</StepList>
`;
