// Jest Snapshot v1, https://goo.gl/fbAQLP

exports[`Dropdown komponent matcher snapshot 1`] = `
<div
  id="dropdown-undefined"
>
  <LabelWithCallout
    id="dropdown-undefined-label"
    inputId="dropdown-undefined-input-option"
  />
  <StyledWithResponsiveMode
    aria-invalid={false}
    className="main-85"
    id="dropdown-undefined-input"
    onRenderCaretDown={[Function]}
    options={
      Array [
        Object {
          "key": null,
          "text": "",
        },
        Object {
          "itemType": 2,
          "key": "Header",
          "text": "Actions",
        },
        Object {
          "key": "A",
          "text": "Option a",
        },
        Object {
          "key": "B",
          "text": "Option b",
        },
        Object {
          "key": "C",
          "text": "Option c",
        },
        Object {
          "key": "D",
          "text": "Option d",
        },
        Object {
          "key": "E",
          "text": "Option e",
        },
        Object {
          "itemType": 1,
          "key": "divider_2",
          "text": "-",
        },
        Object {
          "itemType": 2,
          "key": "Header2",
          "text": "People",
        },
        Object {
          "key": "F",
          "text": "Option f",
        },
        Object {
          "key": "G",
          "text": "Option g",
        },
        Object {
          "key": "H",
          "text": "Option h",
        },
        Object {
          "key": "I",
          "text": "Option i",
        },
        Object {
          "key": "J",
          "text": "Option j",
        },
      ]
    }
    placeholder="Select an option"
    styles={
      Object {
        "dropdownItem": Object {
          "color": "#1d1d1d",
          "marginBottom": "4px",
          "marginTop": "4px",
          "selectors": Object {
            "&:active": Object {
              "background": "#cde1f9",
              "textDecoration": "none",
            },
            "&:focus": Object {
              "background": "#cde1f9",
              "textDecoration": "underline",
            },
            "&:hover": Object {
              "background": "#cde1f9 !important",
              "textDecoration": "underline",
            },
            "&:hover:after, &:focus:after": Object {
              "borderRadius": "0",
              "bottom": 1,
              "color": "#1d1d1d",
              "content": "\\"\\"",
              "left": 1,
              "outline": "transparent",
              "position": "absolute",
              "right": 1,
              "top": 1,
              "zIndex": 1,
            },
          },
        },
        "dropdownItemSelected": Object {
          "background": "#e8e8e8 !important",
          "color": "#1d1d1d",
        },
        "dropdownOptionText": Object {
          "whiteSpace": "normal !important",
        },
      }
    }
  />
</div>
`;
