// Jest Snapshot v1, https://goo.gl/fbAQLP

exports[`Dropdown komponent matcher snapshot 1`] = `
<div
  id="dropdown-123"
>
  <LabelWithCallout
    id="dropdown-123-label"
    inputId="dropdown-123-input-option"
  />
  <Dropdown
    aria-invalid={false}
    calloutProps={
      Object {
        "doNotLayer": undefined,
      }
    }
    className=

        & .ms-Dropdown-title {
          border-color: #1a1a1a;
          border-radius: 0px;
          font-size: 0.875rem;
        }
        & span.ms-Dropdown-caretDownWrapper {
          color: #1362ae;
        }
        & .ms-TextField-errorMessage {
          font-size: 0.875rem;
        }
        &::-moz-focus-inner {
          border: 0;
        }
        & .ms-Dropdown-titleIsPlaceHolder {
          border-color: #1a1a1a;
        }
        &:focus .ms-Dropdown-title.ms-Dropdown-title {
          border: 2px solid #1362ae;
        }
        & .is-disabled .ms-Dropdown {
          background-color: red;
        }
        & .is-disabled .ms-Dropdown-title {
          background-color: #f4f4f4;
          border-color: #b2b2b2;
          border-style: solid;
          border-width: 1px;
        }
        & .is-disabled .ms-Dropdown-caretDownWrapper {
          color: #808080;
        }
        &:active .is-disabled .ms-Dropdown-title {
          border-color: #b2b2b2;
        }
        &:hover .is-disabled .ms-Dropdown-title {
          border-color: #b2b2b2;
          cursor: not-allowed;
        }
        &:focus:after {
          border-radius: 0;
          bottom: 1px;
          content: "";
          left: 1px;
          outline: transparent;
          position: absolute;
          right: 1px;
          top: 1px;
          z-index: 1;
        }
        & div[role=alert]::before {
          content: '';
          font-family: "Material Icons";
          font-size: 16px;
          margin-right: 3px;
        }
    id="dropdown-123-input"
    onRenderCaretDown={[Function]}
    options={
      Array [
        Object {
          "key": null,
          "text": "",
        },
        Object {
          "itemType": 2,
          "key": "Header",
          "text": "Actions",
        },
        Object {
          "key": "A",
          "text": "Option a",
        },
        Object {
          "key": "B",
          "text": "Option b",
        },
        Object {
          "key": "C",
          "text": "Option c",
        },
        Object {
          "key": "D",
          "text": "Option d",
        },
        Object {
          "key": "E",
          "text": "Option e",
        },
        Object {
          "itemType": 1,
          "key": "divider_2",
          "text": "-",
        },
        Object {
          "itemType": 2,
          "key": "Header2",
          "text": "People",
        },
        Object {
          "key": "F",
          "text": "Option f",
        },
        Object {
          "key": "G",
          "text": "Option g",
        },
        Object {
          "key": "H",
          "text": "Option h",
        },
        Object {
          "key": "I",
          "text": "Option i",
        },
        Object {
          "key": "J",
          "text": "Option j",
        },
      ]
    }
    placeholder="Select an option"
    styles={
      Object {
        "dropdownItem": Object {
          "color": "#1a1a1a",
          "marginBottom": "4px",
          "marginTop": "4px",
          "selectors": Object {
            "&:active": Object {
              "background": "#cde1f9",
              "textDecoration": "none",
            },
            "&:focus": Object {
              "background": "#cde1f9",
              "textDecoration": "underline",
            },
            "&:hover": Object {
              "background": "#cde1f9 !important",
              "textDecoration": "underline",
            },
            "&:hover:after, &:focus:after": Object {
              "borderRadius": "0",
              "bottom": 1,
              "color": "#1a1a1a",
              "content": "\\"\\"",
              "left": 1,
              "outline": "transparent",
              "position": "absolute",
              "right": 1,
              "top": 1,
              "zIndex": 1,
            },
          },
        },
        "dropdownItemSelected": Object {
          "background": "#e5e5e5 !important",
          "color": "#1a1a1a",
        },
        "dropdownOptionText": Object {
          "whiteSpace": "normal !important",
        },
      }
    }
  />
</div>
`;
