// Jest Snapshot v1, https://goo.gl/fbAQLP

exports[`Card komponent matcher snapshot 1`] = `
<Card
  actions={null}
  ariaLabel={null}
  buttonType="button"
  circleOnIcon={true}
  color="neutralGrey"
  expand={false}
  isExpanded={true}
  margin="medium"
  marginbottom="2px"
  titleTagName="div"
  titlesize="x-large"
>
  <div
    className="SkeCard-85"
  >
    <div
      className="body-92"
    />
  </div>
</Card>
`;
