// Jest Snapshot v1, https://goo.gl/fbAQLP

exports[`Card komponent matcher snapshot 1`] = `
<Card
  actions={null}
  buttonType="button"
  circleOnIcon={true}
  color="neutralGrey"
  expand={false}
  isExpanded={true}
  margin="medium"
  marginbottom="2px"
  titlesize="x-large"
>
  <div
    className="SkeCard-77"
  >
    <div
      className="body-84"
      color="neutralGrey"
      margin="medium"
      marginbottom="2px"
      titlesize="x-large"
    />
  </div>
</Card>
`;
