// Jest Snapshot v1, https://goo.gl/fbAQLP

exports[`Card komponent matcher snapshot 1`] = `
<Card
  buttonType="button"
  color="beige"
  expand={false}
  isExpanded={true}
  margin="medium"
  marginbottom="2px"
  titleTagName="div"
  titlesize="x-large"
>
  <div
    className=

        {
          background-color: #f9ede2;
          border: none;
          box-sizing: border-box;
          color: rgba(0, 0, 0, 0.95);
          display: flow-root;
          margin-bottom: 2px;
          padding-bottom: 0px;
          padding-left: 0px;
          padding-right: 0px;
          padding-top: 0px;
        }
        &:hover {
          cursor: default;
        }
        &:focus {
          outline: none;
        }
  >
    <div
      className=

          {
            animation-name: keyframes from{opacity:0;}to{opacity:1;};
            font-size: 1rem;
            margin-bottom: 12px;
            margin-left: 12px;
            margin-right: 12px;
            margin-top: 12px;
            text-align: left;
          }
    />
  </div>
</Card>
`;
