// Jest Snapshot v1, https://goo.gl/fbAQLP

exports[`Button komponent  matcher snapshot 1`] = `
<button
  className="ms-Button ms-Button--default ske-primaryRounded-button-41"
  data-is-focusable={true}
  onClick={[Function]}
  onKeyDown={[Function]}
  onKeyPress={[Function]}
  onKeyUp={[Function]}
  onMouseDown={[Function]}
  onMouseUp={[Function]}
  type="primaryRounded"
>
  <span
    className="ms-Button-flexContainer flexContainer-42"
    data-automationid="splitbuttonprimary"
  >
    <span
      className="ms-Button-textContainer textContainer-43"
    >
      <span
        className="ms-Button-label label-45"
        id="id__0"
      >
        Knapptekst
      </span>
    </span>
  </span>
</button>
`;
