// Jest Snapshot v1, https://goo.gl/fbAQLP

exports[`Button komponent  matcher snapshot 1`] = `
<button
  className=
      ms-Button
      ms-Button--default
      {
        -moz-osx-font-smoothing: grayscale;
        -webkit-font-smoothing: antialiased;
        background-color: #ffffff;
        border-radius: 2px;
        border: 1px solid #8a8886;
        box-sizing: border-box;
        color: rgba(0, 0, 0, 0.95);
        cursor: pointer;
        display: inline-block;
        font-family: 'Helvetica Neue', Helvetica , Arial, 'Liberation Sans', 'Nimbus Sans L', sans-serif;
        font-size: 1rem;
        font-weight: 400;
        height: 32px;
        min-width: 80px;
        outline: transparent;
        padding-bottom: 0;
        padding-left: 16px;
        padding-right: 16px;
        padding-top: 0;
        position: relative;
        text-align: center;
        text-decoration: none;
        user-select: none;
      }
      &::-moz-focus-inner {
        border: 0;
      }
      .ms-Fabric--isFocusVisible &:focus:after {
        border-radius: 21px;
        border: 2px solid #1362ae;
        bottom: -7px;
        content: "";
        left: -7px;
        outline: transparent;
        position: absolute;
        right: -7px;
        top: -7px;
        z-index: 1;
      }
      @media screen and (-ms-high-contrast: active), (forced-colors: active){.ms-Fabric--isFocusVisible &:focus:after {
        bottom: -2px;
        left: -2px;
        outline-color: ButtonText;
        right: -2px;
        top: -2px;
      }
      &:active > * {
        left: 0px;
        position: relative;
        top: 0px;
      }
      &:hover {
        background-color: #f4f4f4;
        color: rgba(21, 21, 21, 0.95);
      }
      @media screen and (-ms-high-contrast: active), (forced-colors: active){&:hover {
        border-color: Highlight;
        color: Highlight;
      }
      &:active {
        background-color: #eaeaea;
        color: rgba(21, 21, 21, 0.95);
      }
      &.ms-Button {
        background: #ffffff;
        border-color: #1362ae;
        border-radius: 200px;
        border-width: 3px;
        color: #1362ae;
        font-weight: normal;
        height: auto;
        min-height: 32px;
        padding-bottom: 7px;
        padding-left: 15px;
        padding-right: 15px;
        padding-top: 7px;
        text-align: center;
        transition: 0.2s;
        vertical-align: top;
      }
      @media  only screen and (max-width: 479px){&.ms-Button {
        width: 100%;
      }
      &.ms-Button:hover {
        background: #cde1f9;
        border-color: #1362ae;
        color: #1362ae;
      }
      &.ms-Button:active {
        box-shadow: none;
        transform: translateY(2px);
        transition-timing-function: ease;
        transition: 0.15s;
      }
      &.ms-Button:disabled {
        background: none;
        border-color: #b2b2b2;
        color: #b2b2b2;
        cursor: not-allowed;
      }
      &.ms-Button i {
        font-size: 1.25rem;
      }
  data-is-focusable={true}
  onClick={[Function]}
  onKeyDown={[Function]}
  onKeyPress={[Function]}
  onKeyUp={[Function]}
  onMouseDown={[Function]}
  onMouseUp={[Function]}
  type="button"
>
  <span
    className=
        ms-Button-flexContainer
        {
          align-items: center;
          display: flex;
          flex-wrap: nowrap;
          height: 100%;
          justify-content: center;
        }
    data-automationid="splitbuttonprimary"
  >
    <span
      className=
          ms-Button-textContainer
          {
            display: block;
            flex-grow: 1;
          }
    >
      <span
        className=
            ms-Button-label
            {
              display: block;
              font-weight: 600;
              line-height: 100%;
              margin-bottom: 0;
              margin-left: 4px;
              margin-right: 4px;
              margin-top: 0;
            }
        id="id__0"
      >
        Knapptekst
      </span>
    </span>
  </span>
</button>
`;
