// Jest Snapshot v1, https://goo.gl/fbAQLP

exports[`TextField komponent matcher snapshot 1`] = `
<div
  className="SkeTextField-40"
>
  <div
    className="labelArea-42"
  >
    <span
      className="label-43"
    />
  </div>
  <div
    className="ms-TextField SkeTextField-48"
  >
    <div
      className="ms-TextField-wrapper wrapper-49"
    >
      <div
        className="ms-TextField-fieldGroup fieldGroup-50"
      >
        <input
          aria-invalid={false}
          className="ms-TextField-field field-51"
          id="TextField0"
          onBlur={[Function]}
          onChange={[Function]}
          onFocus={[Function]}
          onInput={[Function]}
          type="text"
          value=""
        />
      </div>
    </div>
  </div>
</div>
`;
