// Jest Snapshot v1, https://goo.gl/fbAQLP

exports[`TextField komponent matcher snapshot 1`] = `
<div
  className="SkeTextField-74"
  id="textfield-123"
>
  <div
    className="ms-TextField SkeTextField-82"
  >
    <div
      className="ms-TextField-wrapper"
    >
      <div
        className="ms-TextField-fieldGroup fieldGroup-83"
      >
        <input
          aria-invalid={false}
          className="ms-TextField-field field-84"
          id="textfield-123-input"
          onBlur={[Function]}
          onChange={[Function]}
          onFocus={[Function]}
          onInput={[Function]}
          type="text"
          value=""
        />
      </div>
    </div>
  </div>
</div>
`;
