// Jest Snapshot v1, https://goo.gl/fbAQLP

exports[`TextField komponent matcher snapshot 1`] = `
<div
  className="SkeTextField-42"
  id="textfield-1"
>
  <div
    className="ms-TextField SkeTextField-50"
  >
    <div
      className="ms-TextField-wrapper wrapper-51"
    >
      <div
        className="ms-TextField-fieldGroup fieldGroup-52"
      >
        <input
          aria-invalid={false}
          className="ms-TextField-field field-53"
          id="textfield-1-input"
          onBlur={[Function]}
          onChange={[Function]}
          onFocus={[Function]}
          onInput={[Function]}
          type="text"
          value=""
        />
      </div>
    </div>
  </div>
</div>
`;
