// Jest Snapshot v1, https://goo.gl/fbAQLP

exports[`LabelWithCallout komponent matcher snapshot 1`] = `
Array [
  <label
    className="label-78"
    id="LabelWithCallout_id"
  >
    Mock Label
  </label>,
  <span
    className="labelIconArea-80"
  >
    <button
      aria-describedby="LabelWithCallout_id"
      className="ms-Button ms-Button--icon icon-84"
      data-is-focusable={true}
      onBlur={[Function]}
      onClick={[Function]}
      onKeyDown={[Function]}
      onKeyPress={[Function]}
      onKeyUp={[Function]}
      onMouseDown={[Function]}
      onMouseUp={[Function]}
      title="Hjelp"
      type="button"
    >
      <span
        className="ms-Button-flexContainer flexContainer-85"
        data-automationid="splitbuttonprimary"
      >
        <i
          aria-hidden={true}
          className="ms-Icon root-65 css-92 ms-Button-icon icon-87"
          data-icon-name="HelpOutline"
          role="presentation"
          style={
            Object {
              "fontFamily": "\\"Material Icons\\"",
            }
          }
        >
          
        </i>
      </span>
    </button>
  </span>,
]
`;
