// Jest Snapshot v1, https://goo.gl/fbAQLP

exports[`LabelWithCallout komponent matcher snapshot 1`] = `
<div
  className="calloutLabelWrapper-42"
>
  <label
    className="label-44"
    id="LabelWithCallout_id"
  >
    Mock Label
  </label>
  <span
    className="labelIconArea-46"
  >
    <button
      aria-describedby="LabelWithCallout_id"
      aria-expanded={false}
      aria-label="Hjelp"
      className="ms-Button ms-Button--icon icon-50"
      data-is-focusable={true}
      onClick={[Function]}
      onKeyDown={[Function]}
      onKeyPress={[Function]}
      onKeyUp={[Function]}
      onMouseDown={[Function]}
      onMouseUp={[Function]}
      title="Hjelp"
      type="button"
    >
      <span
        className="ms-Button-flexContainer flexContainer-51"
        data-automationid="splitbuttonprimary"
      >
        <i
          aria-hidden={true}
          className="ms-Icon root-38 css-58 ms-Button-icon icon-53"
          data-icon-name="HelpOutline"
          style={
            Object {
              "fontFamily": "\\"Material Icons\\"",
            }
          }
        >
          
        </i>
      </span>
    </button>
  </span>
</div>
`;
