// Jest Snapshot v1, https://goo.gl/fbAQLP

exports[`FileUploader komponent matcher snapshot 1`] = `
<div
  className="main-47"
>
  <label
    className="label-51"
  />
  <input
    className="fileUploadInput-46"
    id="fileupload"
    onChange={[Function]}
    type="file"
  />
  <label
    aria-label="fileupload"
    htmlFor="fileupload"
  >
    <div
      className="uploadArea-48"
      onDragEnter={[Function]}
      onDragLeave={[Function]}
      onDragOver={[Function]}
      onDrop={[Function]}
    >
      <i
        aria-hidden={true}
        className="uploadAreaIcon-58"
        data-icon-name="AttachFile"
      >
        
      </i>
      <u>
        Legg til fil(er)
      </u>
    </div>
  </label>
  
</div>
`;
