// Jest Snapshot v1, https://goo.gl/fbAQLP

exports[`FileUploader komponent matcher snapshot 1`] = `
<div
  className="main-51"
>
  <div
    className="calloutLabelWrapper-54"
  />
  <label
    id="buttonLabel"
  >
    <div
      aria-describedby="acceptedFileFormats"
      className="uploadArea-52"
      onClick={[Function]}
      onDragEnter={[Function]}
      onDragLeave={[Function]}
      onDragOver={[Function]}
      onDrop={[Function]}
      onKeyPress={[Function]}
      role="button"
      tabIndex={0}
    >
      <i
        aria-hidden={true}
        className="uploadAreaIcon-63"
        data-icon-name="AttachFile"
      >
        
      </i>
      <u>
        Legg til fil(er)
      </u>
    </div>
  </label>
  <input
    aria-hidden={true}
    className="fileUploadInput-50"
    id="fileupload-input"
    onChange={[Function]}
    tabIndex={-1}
    type="file"
  />
</div>
`;
