// Jest Snapshot v1, https://goo.gl/fbAQLP

exports[`ActionButton komponent matcher snapshot 1`] = `
<button
  aria-label="Button label"
  className=
      ms-Button
      ms-Button--action
      ms-Button--command
      {
        -moz-osx-font-smoothing: grayscale;
        -webkit-font-smoothing: antialiased;
        background-color: transparent;
        border-radius: 2px;
        border: 1px solid transparent;
        box-sizing: border-box;
        color: rgba(0, 0, 0, 0.95);
        cursor: pointer;
        display: inline-block;
        font-family: 'Helvetica Neue', Helvetica , Arial, 'Liberation Sans', 'Nimbus Sans L', sans-serif;
        font-size: 1rem;
        font-weight: 400;
        height: 40px;
        outline: transparent;
        padding-bottom: 0;
        padding-left: 4px;
        padding-right: 4px;
        padding-top: 0;
        position: relative;
        text-align: center;
        text-decoration: none;
        user-select: none;
      }
      &::-moz-focus-inner {
        border: 0;
      }
      .ms-Fabric--isFocusVisible &:focus:after {
        border-radius: 0;
        border: 2px solid #1362ae;
        bottom: -3px;
        content: "";
        left: -3px;
        outline: transparent;
        position: absolute;
        right: -3px;
        top: -3px;
        z-index: 1;
      }
      @media screen and (-ms-high-contrast: active), (forced-colors: active){.ms-Fabric--isFocusVisible &:focus:after {
        bottom: -2px;
        left: -2px;
        outline-color: ButtonText;
        right: -2px;
        top: -2px;
      }
      &:active > * {
        left: 0px;
        position: relative;
        top: 0px;
      }
      @media screen and (-ms-high-contrast: active), (forced-colors: active){& {
        border-color: Window;
      }
      &:hover {
        color: #1362ae;
      }
      @media screen and (-ms-high-contrast: active), (forced-colors: active){&:hover {
        color: Highlight;
      }
      &:hover .ms-Button-icon {
        color: #1362ae;
      }
      &:active {
        color: rgba(11, 11, 11, 0.95);
      }
      &:active .ms-Button-icon {
        color: #0a365f;
      }
      &.ms-Button.ms-Button--action {
        color: #1362ae;
        height: auto;
        min-height: 40px;
        padding-bottom: 10px;
        padding-left: 4px;
        padding-right: 4px;
        padding-top: 10px;
        text-align: left;
      }
      & span {
        flex-direction: row;
      }
      &.ms-Button--action .ms-Button-icon {
        color: #1362ae;
        font-size: 1.25rem;
        transform: translateY(1px);
      }
      & .ms-Button-flexContainer {
        align-items: baseline;
      }
      &.ms-Button--action .ms-Button-label {
        line-height: 1.5;
      }
      &.ms-Button--action:hover .ms-Button-label {
        color: rgba(0, 0, 0, 0.95);
        text-decoration: underline;
      }
      &.ms-Button--action:hover .ms-Button-icon {
        color: rgba(0, 0, 0, 0.95);
      }
      &.ms-Button--action:active .ms-Button-label {
        text-align: left;
        text-decoration: none;
      }
      &.ms-Button--action:disabled {
        color: #bbbbbb;
      }
      &.ms-Button--action:disabled i {
        color: #bbbbbb;
      }
  data-is-focusable={true}
  onClick={[Function]}
  onKeyDown={[Function]}
  onKeyPress={[Function]}
  onKeyUp={[Function]}
  onMouseDown={[Function]}
  onMouseUp={[Function]}
  type="button"
>
  <span
    className=
        ms-Button-flexContainer
        {
          align-items: center;
          display: flex;
          flex-wrap: nowrap;
          height: 100%;
          justify-content: flex-start;
        }
    data-automationid="splitbuttonprimary"
  />
</button>
`;
