// Jest Snapshot v1, https://goo.gl/fbAQLP

exports[`ActionButton komponent matcher snapshot 1`] = `
<button
  aria-label="Button label"
  className="ms-Button ms-Button--action ms-Button--command root-42"
  data-is-focusable={true}
  onClick={[Function]}
  onKeyDown={[Function]}
  onKeyPress={[Function]}
  onKeyUp={[Function]}
  onMouseDown={[Function]}
  onMouseUp={[Function]}
  type="button"
>
  <span
    className="ms-Button-flexContainer flexContainer-43"
    data-automationid="splitbuttonprimary"
  />
</button>
`;
