// Jest Snapshot v1, https://goo.gl/fbAQLP

exports[`Grid komponent matcher snapshot  1`] = `
<Grid
  padding="0 8px"
>
  <div
    className="ske-Grid-106 "
  >
    <GridRow
      rowSpacing="24px"
    >
      <div
        className="ske-Grid-row-109 "
      >
        <GridCol
          lg={4}
        >
          <div
            className="ske-Grid-col-110 "
          >
            4
          </div>
        </GridCol>
        <GridCol
          lg={4}
        >
          <div
            className="ske-Grid-col-110 "
          />
        </GridCol>
        <GridCol
          lg={4}
        >
          <div
            className="ske-Grid-col-110 "
          >
            4
          </div>
        </GridCol>
      </div>
    </GridRow>
    <GridRow
      rowSpacing="8px"
    >
      <div
        className="ske-Grid-row-111 "
      >
        <GridCol
          lg={4}
        >
          <div
            className="ske-Grid-col-110 "
          >
            4
          </div>
        </GridCol>
        <GridCol
          lg={4}
        >
          <div
            className="ske-Grid-col-110 "
          />
        </GridCol>
        <GridCol
          lg={4}
        >
          <div
            className="ske-Grid-col-110 "
          >
            4
          </div>
        </GridCol>
      </div>
    </GridRow>
  </div>
</Grid>
`;
