// Jest Snapshot v1, https://goo.gl/fbAQLP

exports[`Tabs komponent matcher snapshot 1`] = `
<div
  className="SkeTabs-42"
  role="toolbar"
>
  <div
    className="ms-FocusZone css-50 ms-Pivot ms-Pivot--large ms-Pivot--tabs root-43"
    data-focuszone-id="FocusZone2"
    onFocus={[Function]}
    onKeyDown={[Function]}
    onMouseDownCapture={[Function]}
    role="tablist"
  >
    <button
      aria-selected={true}
      className="ms-Button ms-Button--action ms-Button--command ms-Pivot-link is-selected linkIsSelected-51"
      data-content="Tilgjengelige oppgaver (23)"
      data-is-focusable={true}
      id="Pivot1-Tab0"
      name="Tilgjengelige oppgaver"
      onClick={[Function]}
      onKeyDown={[Function]}
      onKeyPress={[Function]}
      onKeyUp={[Function]}
      onMouseDown={[Function]}
      onMouseUp={[Function]}
      role="tab"
      type="button"
    >
      <span
        className="ms-Button-flexContainer flexContainer-52"
        data-automationid="splitbuttonprimary"
      >
        <span
          className="ms-Pivot-linkContent linkContent-47"
        >
          <span
            className="ms-Pivot-text text-48"
          >
             
            Tilgjengelige oppgaver
          </span>
          <span
            className="ms-Pivot-count count-49"
          >
             (
            23
            )
          </span>
        </span>
      </span>
    </button>
    <button
      aria-selected={false}
      className="ms-Button ms-Button--action ms-Button--command ms-Pivot-link link-59"
      data-content="Mine oppgaver (2)"
      data-is-focusable={true}
      id="Pivot1-Tab1"
      name="Mine oppgaver"
      onClick={[Function]}
      onKeyDown={[Function]}
      onKeyPress={[Function]}
      onKeyUp={[Function]}
      onMouseDown={[Function]}
      onMouseUp={[Function]}
      role="tab"
      type="button"
    >
      <span
        className="ms-Button-flexContainer flexContainer-52"
        data-automationid="splitbuttonprimary"
      >
        <span
          className="ms-Pivot-linkContent linkContent-47"
        >
          <span
            className="ms-Pivot-text text-48"
          >
             
            Mine oppgaver
          </span>
          <span
            className="ms-Pivot-count count-49"
          >
             (
            2
            )
          </span>
        </span>
      </span>
    </button>
    <button
      aria-selected={false}
      className="ms-Button ms-Button--action ms-Button--command ms-Pivot-link link-59"
      data-content="Andres oppgaver xx"
      data-is-focusable={true}
      id="Pivot1-Tab2"
      name="Andres oppgaver"
      onClick={[Function]}
      onKeyDown={[Function]}
      onKeyPress={[Function]}
      onKeyUp={[Function]}
      onMouseDown={[Function]}
      onMouseUp={[Function]}
      role="tab"
      type="button"
    >
      <span
        className="ms-Button-flexContainer flexContainer-52"
        data-automationid="splitbuttonprimary"
      >
        <span
          className="ms-Pivot-linkContent linkContent-47"
        >
          <span
            className="ms-Pivot-icon"
          >
            <i
              aria-hidden={true}
              className="root-61"
              data-icon-name="Update"
            >
              
            </i>
          </span>
          <span
            className="ms-Pivot-text text-48"
          >
             
            Andres oppgaver
          </span>
        </span>
      </span>
    </button>
  </div>
  <div
    aria-hidden={false}
    aria-labelledby="Pivot1-Tab0"
    className="itemContainer-44"
    hidden={false}
    role="tabpanel"
  >
    <div>
      Innhold #1
    </div>
  </div>
</div>
`;
