// Jest Snapshot v1, https://goo.gl/fbAQLP

exports[`Tabs komponent matcher snapshot 1`] = `
<div
  className="SkeTabs-85"
  role="toolbar"
>
  <div
    className="ms-FocusZone css-93 ms-Pivot ms-Pivot--large ms-Pivot--tabs root-86"
    data-focuszone-id="FocusZone1"
    onFocus={[Function]}
    onKeyDown={[Function]}
    onMouseDownCapture={[Function]}
    role="tablist"
  >
    <button
      aria-selected={true}
      className="ms-Button ms-Button--action ms-Button--command ms-Pivot-link is-selected linkIsSelected-94"
      data-content="Tilgjengelige oppgaver (23)"
      data-is-focusable={true}
      id="Pivot0-Tab0"
      name="Tilgjengelige oppgaver"
      onClick={[Function]}
      onKeyDown={[Function]}
      onKeyPress={[Function]}
      onKeyUp={[Function]}
      onMouseDown={[Function]}
      onMouseUp={[Function]}
      role="tab"
      type="button"
    >
      <span
        className="ms-Button-flexContainer flexContainer-95"
        data-automationid="splitbuttonprimary"
      >
        <span
          className="ms-Pivot-linkContent linkContent-89"
        >
          <span
            className="ms-Pivot-text text-90"
          >
             
            Tilgjengelige oppgaver
          </span>
          <span
            className="ms-Pivot-count count-91"
          >
             (
            23
            )
          </span>
        </span>
      </span>
    </button>
    <button
      aria-selected={false}
      className="ms-Button ms-Button--action ms-Button--command ms-Pivot-link link-102"
      data-content="Mine oppgaver (2)"
      data-is-focusable={true}
      id="Pivot0-Tab1"
      name="Mine oppgaver"
      onClick={[Function]}
      onKeyDown={[Function]}
      onKeyPress={[Function]}
      onKeyUp={[Function]}
      onMouseDown={[Function]}
      onMouseUp={[Function]}
      role="tab"
      type="button"
    >
      <span
        className="ms-Button-flexContainer flexContainer-95"
        data-automationid="splitbuttonprimary"
      >
        <span
          className="ms-Pivot-linkContent linkContent-89"
        >
          <span
            className="ms-Pivot-text text-90"
          >
             
            Mine oppgaver
          </span>
          <span
            className="ms-Pivot-count count-91"
          >
             (
            2
            )
          </span>
        </span>
      </span>
    </button>
    <button
      aria-selected={false}
      className="ms-Button ms-Button--action ms-Button--command ms-Pivot-link link-102"
      data-content="Andres oppgaver xx"
      data-is-focusable={true}
      id="Pivot0-Tab2"
      name="Andres oppgaver"
      onClick={[Function]}
      onKeyDown={[Function]}
      onKeyPress={[Function]}
      onKeyUp={[Function]}
      onMouseDown={[Function]}
      onMouseUp={[Function]}
      role="tab"
      type="button"
    >
      <span
        className="ms-Button-flexContainer flexContainer-95"
        data-automationid="splitbuttonprimary"
      >
        <span
          className="ms-Pivot-linkContent linkContent-89"
        >
          <span
            className="ms-Pivot-icon icon-92"
          >
            <i
              aria-hidden={true}
              className="root-104"
              data-icon-name="Update"
            >
              
            </i>
          </span>
          <span
            className="ms-Pivot-text text-90"
          >
             
            Andres oppgaver
          </span>
        </span>
      </span>
    </button>
  </div>
  <div
    aria-labelledby="Pivot0-Tab0"
    role="tabpanel"
  >
    <div>
      Innhold #1
    </div>
  </div>
</div>
`;
