// Jest Snapshot v1, https://goo.gl/fbAQLP

exports[`Accordion komponent matcher snapshot 1`] = `
<Accordion>
  <div
    className="accordion-76"
  >
    <Grid
      padding="0 8px"
    >
      <div
        className="ske-Grid-85 "
      >
        <AccordionItem
          key=".0"
          stepNumber={1}
          totalSteps={1}
        >
          <div
            className="wrapperStep-75"
            key="1"
          >
            <GridRow
              rowSpacing="0px"
            >
              <div
                className="ske-Grid-row-88 "
              >
                <GridCol>
                  <div
                    className="ske-Grid-col-87 "
                  >
                    <GridRow
                      rowSpacing="0px"
                    >
                      <div
                        className="ske-Grid-row-88 "
                      >
                        <GridCol
                          md={12}
                          sm={12}
                          xl={12}
                        >
                          <div
                            className="ske-Grid-col-89 "
                          >
                            <hr />
                            <ToggleContent
                              isContentOpen={false}
                              onClick={[Function]}
                              styles={
                                Object {
                                  "accordion": "accordion-76",
                                  "containerStep": "containerStep-74",
                                  "content": "content-77",
                                  "heading": "heading-78",
                                  "stepLine": "stepLine-80",
                                  "stepNumber": "stepNumber-79",
                                  "subComponentStyles": Object {},
                                  "subtitle": "subtitle-84",
                                  "toggleButton": "toggleButton-81",
                                  "toggleButtonContent": "toggleButtonContent-83",
                                  "toggleButtonOpen": "toggleButtonOpen-82",
                                  "wrapperStep": "wrapperStep-75",
                                }
                              }
                            />
                            <div
                              className="content-77"
                            >
                              <p>
                                Her vises innhold
                              </p>
                            </div>
                            <hr />
                          </div>
                        </GridCol>
                      </div>
                    </GridRow>
                  </div>
                </GridCol>
              </div>
            </GridRow>
          </div>
        </AccordionItem>
      </div>
    </Grid>
  </div>
</Accordion>
`;
