// Jest Snapshot v1, https://goo.gl/fbAQLP

exports[`Accordion komponent matcher snapshot 1`] = `
<Accordion>
  <div
    className="accordion-38"
  >
    <Grid>
      <div
        className="ske-Grid-44 "
      >
        <AccordionItem
          id={NaN}
          key=".0"
          stepNumber={1}
        >
          <div
            aria-describedby={1}
            aria-label={1}
            className="wrapperStep-37"
            key="1"
          >
            <GridRow
              rowSpacing="0px"
            >
              <div
                className="ske-Grid-row-47 "
              >
                <GridCol>
                  <div
                    className="ske-Grid-col-46 "
                  >
                    <GridRow
                      rowSpacing="0px"
                    >
                      <div
                        className="ske-Grid-row-47 "
                      >
                        <GridCol
                          md={12}
                          sm={12}
                          xl={12}
                        >
                          <div
                            className="ske-Grid-col-48 "
                          >
                            <hr />
                            <ToggleContent
                              onClick={[Function]}
                              styles={
                                Object {
                                  "accordion": "accordion-38",
                                  "containerStep": "containerStep-36",
                                  "content": "content-39",
                                  "stepLine": "stepLine-41",
                                  "stepNumber": "stepNumber-40",
                                  "subComponentStyles": Object {},
                                  "toggleButton": "toggleButton-42",
                                  "toggleButtonOpen": "toggleButtonOpen-43",
                                  "wrapperStep": "wrapperStep-37",
                                }
                              }
                            />
                            <div
                              className="content-39"
                              role="region"
                              tabIndex={0}
                            >
                              <h1 />
                              <p>
                                Her vises innhold
                              </p>
                            </div>
                          </div>
                        </GridCol>
                      </div>
                    </GridRow>
                  </div>
                </GridCol>
              </div>
            </GridRow>
          </div>
        </AccordionItem>
      </div>
    </Grid>
  </div>
</Accordion>
`;
