// Jest Snapshot v1, https://goo.gl/fbAQLP

exports[`RadioButtonGroup komponent matcher snapshot 1`] = `
<fieldset
  className="fieldset-42"
>
  <legend
    className="labelAsLegend-46"
  >
    Velg en
  </legend>
  <div
    className="radioButtons-43"
  >
    <div
      aria-labelledby="Velg en"
      className="ms-ChoiceFieldGroup root-51"
      role="radiogroup"
    >
      <div
        className="ms-ChoiceFieldGroup-flexContainer"
      >
        <div
          className="ms-ChoiceField root-52"
        >
          <div
            className="ms-ChoiceField-wrapper"
          >
            <input
              checked={false}
              className="ms-ChoiceField-input input-53"
              id="ChoiceGroup1-A"
              name="ChoiceGroup1"
              onBlur={[Function]}
              onChange={[Function]}
              onFocus={[Function]}
              required={true}
              type="radio"
            />
            <label
              className="ms-ChoiceField-field field-54"
              htmlFor="ChoiceGroup1-A"
            >
              <span
                className="ms-ChoiceFieldLabel"
                id="ChoiceGroupLabel2-A"
              >
                Valg A
              </span>
            </label>
          </div>
        </div>
        <div
          className="ms-ChoiceField root-52"
        >
          <div
            className="ms-ChoiceField-wrapper"
          >
            <input
              checked={true}
              className="ms-ChoiceField-input input-53"
              id="ChoiceGroup1-B"
              name="ChoiceGroup1"
              onBlur={[Function]}
              onChange={[Function]}
              onFocus={[Function]}
              required={true}
              type="radio"
            />
            <label
              className="ms-ChoiceField-field is-checked field-59"
              htmlFor="ChoiceGroup1-B"
            >
              <span
                className="ms-ChoiceFieldLabel"
                id="ChoiceGroupLabel2-B"
              >
                Valg B
              </span>
            </label>
          </div>
        </div>
        <div
          className="ms-ChoiceField root-52"
        >
          <div
            className="ms-ChoiceField-wrapper"
          >
            <input
              checked={false}
              className="ms-ChoiceField-input is-disabled input-53"
              disabled={true}
              id="ChoiceGroup1-C"
              name="ChoiceGroup1"
              onBlur={[Function]}
              onChange={[Function]}
              onFocus={[Function]}
              required={true}
              type="radio"
            />
            <label
              className="ms-ChoiceField-field field-62"
              htmlFor="ChoiceGroup1-C"
            >
              <span
                className="ms-ChoiceFieldLabel"
                id="ChoiceGroupLabel2-C"
              >
                Valg C
              </span>
            </label>
          </div>
        </div>
        <div
          className="ms-ChoiceField root-52"
        >
          <div
            className="ms-ChoiceField-wrapper"
          >
            <input
              checked={false}
              className="ms-ChoiceField-input is-disabled input-53"
              disabled={true}
              id="ChoiceGroup1-D"
              name="ChoiceGroup1"
              onBlur={[Function]}
              onChange={[Function]}
              onFocus={[Function]}
              required={true}
              type="radio"
            />
            <label
              className="ms-ChoiceField-field field-62"
              htmlFor="ChoiceGroup1-D"
            >
              <span
                className="ms-ChoiceFieldLabel"
                id="ChoiceGroupLabel2-D"
              >
                Valg D
              </span>
            </label>
          </div>
        </div>
      </div>
    </div>
  </div>
</fieldset>
`;
