// Jest Snapshot v1, https://goo.gl/fbAQLP

exports[`RadioButtonGroup komponent matcher snapshot 1`] = `
<div>
  <div
    className="applicationRole-37"
  >
    <div
      aria-labelledby="Velg en"
      className="ms-ChoiceFieldGroup root-38"
      role="radiogroup"
    >
      <label
        className="ms-Label root-40"
        id="ChoiceGroup0-label"
      >
        Velg en
      </label>
      <div
        className="ms-ChoiceFieldGroup-flexContainer flexContainer-39"
      >
        <div
          className="ms-ChoiceField root-41"
        >
          <div
            className="ms-ChoiceField-wrapper choiceFieldWrapper-42"
          >
            <input
              checked={false}
              className="ms-ChoiceField-input input-43"
              id="ChoiceGroup0-A"
              name="ChoiceGroup0"
              onBlur={[Function]}
              onChange={[Function]}
              onFocus={[Function]}
              required={true}
              type="radio"
            />
            <label
              className="ms-ChoiceField-field field-44"
              htmlFor="ChoiceGroup0-A"
            >
              <span
                className="ms-ChoiceFieldLabel"
                id="ChoiceGroupLabel1-A"
              >
                Valg A
              </span>
            </label>
          </div>
        </div>
        <div
          className="ms-ChoiceField root-41"
        >
          <div
            className="ms-ChoiceField-wrapper choiceFieldWrapper-42"
          >
            <input
              checked={true}
              className="ms-ChoiceField-input input-43"
              id="ChoiceGroup0-B"
              name="ChoiceGroup0"
              onBlur={[Function]}
              onChange={[Function]}
              onFocus={[Function]}
              required={true}
              type="radio"
            />
            <label
              className="ms-ChoiceField-field is-checked field-50"
              htmlFor="ChoiceGroup0-B"
            >
              <span
                className="ms-ChoiceFieldLabel"
                id="ChoiceGroupLabel1-B"
              >
                Valg B
              </span>
            </label>
          </div>
        </div>
        <div
          className="ms-ChoiceField root-41"
        >
          <div
            className="ms-ChoiceField-wrapper choiceFieldWrapper-42"
          >
            <input
              checked={false}
              className="ms-ChoiceField-input is-disabled input-43"
              disabled={true}
              id="ChoiceGroup0-C"
              name="ChoiceGroup0"
              onBlur={[Function]}
              onChange={[Function]}
              onFocus={[Function]}
              required={true}
              type="radio"
            />
            <label
              className="ms-ChoiceField-field field-53"
              htmlFor="ChoiceGroup0-C"
            >
              <span
                className="ms-ChoiceFieldLabel"
                id="ChoiceGroupLabel1-C"
              >
                Valg C
              </span>
            </label>
          </div>
        </div>
        <div
          className="ms-ChoiceField root-41"
        >
          <div
            className="ms-ChoiceField-wrapper choiceFieldWrapper-42"
          >
            <input
              checked={false}
              className="ms-ChoiceField-input is-disabled input-43"
              disabled={true}
              id="ChoiceGroup0-D"
              name="ChoiceGroup0"
              onBlur={[Function]}
              onChange={[Function]}
              onFocus={[Function]}
              required={true}
              type="radio"
            />
            <label
              className="ms-ChoiceField-field field-53"
              htmlFor="ChoiceGroup0-D"
            >
              <span
                className="ms-ChoiceFieldLabel"
                id="ChoiceGroupLabel1-D"
              >
                Valg D
              </span>
            </label>
          </div>
        </div>
      </div>
    </div>
  </div>
</div>
`;
