// Jest Snapshot v1, https://goo.gl/fbAQLP

exports[`ButtonLink-komponent matcher snapshot 1`] = `
<a
  className=

      {
        background: #1362ae;
        border-color: #1362ae;
        border-radius: 7px;
        border-style: solid;
        border-width: 3px;
        box-shadow: 0 8px 6px -6px #b2b2b2;
        color: #ffffff;
        display: inline-block;
        font-size: 1.25rem;
        font-weight: 600;
        max-width: calc((75*550px)/100);
        padding-bottom: 25px;
        padding-left: 25px;
        padding-right: 25px;
        padding-top: 25px;
        text-decoration: none;
        transition: 0.2s;
      }
      &:hover {
        background: #093e61;
        border-color: #093e61;
        color: #ffffff;
      }
      &:focus {
        outline-offset: 3px;
        outline: 2px solid #1362ae;
      }
      &:active {
        box-shadow: none;
        transform: translateY(2px);
        transition-timing-function: ease;
        transition: 0.15s;
      }
  href="#"
  role="button"
>
  Knappetekst
</a>
`;
