// Jest Snapshot v1, https://goo.gl/fbAQLP

exports[`MessageBar komponent matcher snapshot 1`] = `
<div>
  <div
    className="ms-MessageBar ms-MessageBar-multiline entered root-75"
  >
    <div
      className="ms-MessageBar-content content-76"
    >
      <div
        aria-hidden={true}
        className="ms-MessageBar-icon iconContainer-77"
      >
        <i
          aria-hidden={true}
          className="icon-85"
          data-icon-name="Info"
        >
          
        </i>
      </div>
      <div
        aria-live="polite"
        className="ms-MessageBar-text text-79"
        id="MessageBar1"
        role="status"
      >
        <span
          className="ms-MessageBar-innerText innerText-80"
          role="status"
        />
      </div>
    </div>
  </div>
</div>
`;
