// Jest Snapshot v1, https://goo.gl/fbAQLP

exports[`MessageBar komponent matcher snapshot 1`] = `
<div>
  <div
    className=
        ms-MessageBar
        ms-MessageBar-multiline
        entered
        {
          -moz-osx-font-smoothing: grayscale;
          -webkit-font-smoothing: antialiased;
          background: #f3f2f1;
          color: #323130;
          display: flex;
          flex-direction: column;
          font-family: 'Helvetica Neue', Helvetica , Arial, 'Liberation Sans', 'Nimbus Sans L', sans-serif;
          font-size: 1rem;
          font-weight: 400;
          min-height: 32px;
          width: 100%;
          word-break: break-word;
        }
        & .ms-Link {
          color: #005A9E;
        }
        & .ms-Link:hover {
          color: #004578;
        }
        @media screen and (-ms-high-contrast: active), (forced-colors: active){& {
          -ms-high-contrast-adjust: none;
          background: Window;
          border: 1px solid WindowText;
          color: WindowText;
          forced-color-adjust: none;
        }
        &.ms-MessageBar {
          background-color: #f9ede2;
          color: #1a1a1a;
        }
        &.fade-exit {
          opacity: 1;
        }
        & .ms-MessageBar-content {
          border: none;
          padding-bottom: ;
          padding-left: ;
          padding-right: ;
          padding-top: ;
          width: auto;
        }
        @media (max-width: 640px){& .ms-MessageBar-content {
          padding-bottom: ;
          padding-left: ;
          padding-right: ;
          padding-top: ;
        }
        & .ms-MessageBar-icon i {
          color: #1a1a1a;
          font-size: 1.25rem;
        }
        @media (max-width: 640px){& .ms-MessageBar-icon i {
          margin-bottom: ;
          margin-left: ;
          margin-right: ;
          margin-top: ;
        }
        & .ms-MessageBar-innerText {
          color: #1a1a1a;
          font-size: 1rem;
          line-height: 22px;
          padding-bottom: 0px;
          padding-left: 0px;
          padding-right: 0px;
          padding-top: -2px;
        }
        @media (max-width: 640px){& .ms-MessageBar-innerText {
          padding-bottom: 0px;
          padding-left: 0px;
          padding-right: 0px;
          padding-top: -2px;
        }
        & .ms-MessageBar-dismissal {
          margin-top: 4px;
        }
        & .ms-MessageBar-dismissal i {
          font-size: 1.25rem;
        }
  >
    <div
      className=
          ms-MessageBar-content
          {
            display: flex;
            line-height: normal;
            width: 100%;
          }
    >
      <div
        aria-hidden={true}
        className=
            ms-MessageBar-icon
            {
              display: flex;
              flex-shrink: 0;
              font-size: 16px;
              margin-bottom: 8px;
              margin-left: 12px;
              margin-right: 0;
              margin-top: 8px;
              min-height: 16px;
              min-width: 16px;
            }
      >
        <i
          aria-hidden={true}
          className=

              {
                -moz-osx-font-smoothing: grayscale;
                -webkit-font-smoothing: antialiased;
                color: #605e5c;
                display: inline-block;
                font-family: "Material Icons";
                font-style: normal;
                font-weight: normal;
                speak: none;
              }
              @media screen and (-ms-high-contrast: active), (forced-colors: active){& {
                -ms-high-contrast-adjust: none;
                color: WindowText;
                forced-color-adjust: none;
              }
          data-icon-name="Info"
        >
          
        </i>
      </div>
      <div
        aria-live="polite"
        className=
            ms-MessageBar-text
            {
              -moz-osx-font-smoothing: grayscale;
              -webkit-font-smoothing: antialiased;
              display: flex;
              flex-grow: 1;
              font-family: 'Helvetica Neue', Helvetica , Arial, 'Liberation Sans', 'Nimbus Sans L', sans-serif;
              font-size: 0.875rem;
              font-weight: 400;
              margin-bottom: 8px;
              margin-left: 8px;
              margin-right: 12px;
              margin-top: 8px;
              min-width: 0px;
            }
            @media screen and (-ms-high-contrast: active), (forced-colors: active){& {
              -ms-high-contrast-adjust: none;
              forced-color-adjust: none;
            }
        id="MessageBar0"
        role="status"
      >
        <span
          className=
              ms-MessageBar-innerText
              {
                line-height: 16px;
              }
              & span a:last-child {
                padding-left: 4px;
              }
        />
      </div>
    </div>
  </div>
</div>
`;
