// Jest Snapshot v1, https://goo.gl/fbAQLP

exports[`ScrollToTopButton komponent matcher snapshot 1`] = `
<div
  className="topcontainer-77"
>
  <div
    className="container-78"
  >
    <div
      className="box-79"
    >
      <button
        aria-label="Til toppen"
        className="ms-Button ms-Button--action ms-Button--command actionButton-87"
        data-is-focusable={true}
        onClick={[Function]}
        onKeyDown={[Function]}
        onKeyPress={[Function]}
        onKeyUp={[Function]}
        onMouseDown={[Function]}
        onMouseUp={[Function]}
        type="button"
      >
        <span
          className="ms-Button-flexContainer flexContainer-88"
          data-automationid="splitbuttonprimary"
        >
          <div
            className="iconFixateContainer-82"
          >
            <div
              className="iconFixate-83"
            >
              <i
                aria-hidden={true}
                className="icon-96"
                data-icon-name="MoveUp"
              >
                ﲾ
              </i>
            </div>
          </div>
          <div
            className="label-84"
          >
            Til toppen
          </div>
        </span>
      </button>
    </div>
  </div>
</div>
`;
