// Jest Snapshot v1, https://goo.gl/fbAQLP

exports[`Link komponent matcher snapshot 1`] = `
<Link
  icon="Download"
  path="#"
  text="Last ned dokumentene"
>
  <p
    className="iconLink-36"
  >
    <a
      className="iconLinkA-37"
      href="#"
    >
      Last ned dokumentene
    </a>
  </p>
</Link>
`;
