// Jest Snapshot v1, https://goo.gl/fbAQLP

exports[`Link komponent matcher snapshot 1`] = `
<span
  className="linkContainer-37"
>
  <a
    className="iconLink-38"
    href="#"
  >
    Last ned dokumentene
  </a>
  <i
    aria-hidden={true}
    className="icon-40"
    data-icon-name="Download"
    role="presentation"
  >
    
  </i>
</span>
`;
