// Jest Snapshot v1, https://goo.gl/fbAQLP

exports[`NavigationTile komponent matcher snapshot 1`] = `
<div>
  <nav
    className="nav-37 subComponentStyles content nav"
    type="center"
  >
    <ul>
      <li
        aria-describedby="my-id-1"
        className="content-36"
        id="my-id-1"
        key="#-0"
      >
        <a
          href="something/#"
        >
          <NavigationContent
            description="Skattekort, skattemelding (selvangivelse), skatteoppgjør, tema og fradrag som hjelper deg til få riktig skatt. "
            icon="person"
            title="Skatt"
          />
        </a>
      </li>
    </ul>
  </nav>
</div>
`;
