// Jest Snapshot v1, https://goo.gl/fbAQLP

exports[`NavigationTile komponent matcher snapshot 1`] = `
<nav
  className="nav-86 subComponentStyles content nav"
  renderContent={[Function]}
>
  <ul>
    <NavigationContent
      className="content-85"
      description="Skattekort, skattemelding (selvangivelse), skatteoppgjør, tema og fradrag som hjelper deg til få riktig skatt. "
      icon="person"
      id="my-id-1"
      key="0.#"
      title="Skatt"
      to="#"
    />
  </ul>
</nav>
`;
