// Jest Snapshot v1, https://goo.gl/fbAQLP

exports[`Table komponent matcher snapshot 1`] = `
<Table
  columns={
    Array [
      Object {
        "fieldName": "month",
        "name": "Måned",
      },
      Object {
        "alignment": "right",
        "fieldName": "amount",
        "name": "Beløp",
      },
      Object {
        "alignment": "right",
        "fieldName": "coverage",
        "name": "Dekningsgrad",
      },
      Object {
        "alignment": "right",
        "fieldName": "revenue",
        "name": "Avkastning",
      },
    ]
  }
  data={
    Array [
      Object {
        "Avkastning": "1000",
        "Beløp": 100,
        "Dekningsgrad": "100%",
        "Måned": "Januar",
        "ikkeTegnetVerdi": "2000",
      },
      Object {
        "Avkastning": "500",
        "Beløp": 100,
        "Dekningsgrad": "50%",
        "Måned": "Februar",
      },
      Object {
        "Avkastning": "2000",
        "Beløp": 100,
        "Dekningsgrad": "20%",
        "Måned": "Mars",
      },
      Object {
        "Avkastning": "1055",
        "Beløp": 100,
        "Dekningsgrad": "30%",
        "Måned": "April",
      },
    ]
  }
>
  <div
    className="SkeTable-74"
  >
    <table>
      <thead>
        <tr>
          <th
            className=""
            key="month"
            scope="col"
          >
            Måned
          </th>
          <th
            className=""
            key="amount"
            scope="col"
          >
            Beløp
          </th>
          <th
            className=""
            key="coverage"
            scope="col"
          >
            Dekningsgrad
          </th>
          <th
            className=""
            key="revenue"
            scope="col"
          >
            Avkastning
          </th>
        </tr>
      </thead>
      <tbody>
        <TableRow
          columns={
            Array [
              Object {
                "fieldName": "month",
                "name": "Måned",
              },
              Object {
                "alignment": "right",
                "fieldName": "amount",
                "name": "Beløp",
              },
              Object {
                "alignment": "right",
                "fieldName": "coverage",
                "name": "Dekningsgrad",
              },
              Object {
                "alignment": "right",
                "fieldName": "revenue",
                "name": "Avkastning",
              },
            ]
          }
          data={
            Object {
              "Avkastning": "1000",
              "Beløp": 100,
              "Dekningsgrad": "100%",
              "Måned": "Januar",
              "ikkeTegnetVerdi": "2000",
            }
          }
          editModeActive={false}
          expandableModeActive={false}
          isEditableRowOpen={false}
          isExpandableRowOpen={false}
          key="0"
          onCloseRow={[Function]}
          onEditRow={[Function]}
          onExpandRow={[Function]}
          rowIndex={0}
          showRowSeparators={true}
          tableHasScroll={false}
          tableId="table-123"
        >
          <tr
            className="separator"
            key="0"
          >
            <th
              className="is-closed tableRow"
              id="table-1230_0"
              key="table-1230_0"
              scope="row"
            >
              <div
                className="cellContent cellContentLarge"
              />
            </th>
            <td
              className="is-closed right"
              key="table-1230_1"
            >
              <div
                className="cellContent cellContentLarge"
              />
            </td>
            <td
              className="is-closed right"
              key="table-1230_2"
            >
              <div
                className="cellContent cellContentLarge"
              />
            </td>
            <td
              className="is-closed right"
              key="table-1230_3"
            >
              <div
                className="cellContent cellContentLarge"
              />
            </td>
          </tr>
        </TableRow>
        <TableRow
          columns={
            Array [
              Object {
                "fieldName": "month",
                "name": "Måned",
              },
              Object {
                "alignment": "right",
                "fieldName": "amount",
                "name": "Beløp",
              },
              Object {
                "alignment": "right",
                "fieldName": "coverage",
                "name": "Dekningsgrad",
              },
              Object {
                "alignment": "right",
                "fieldName": "revenue",
                "name": "Avkastning",
              },
            ]
          }
          data={
            Object {
              "Avkastning": "500",
              "Beløp": 100,
              "Dekningsgrad": "50%",
              "Måned": "Februar",
            }
          }
          editModeActive={false}
          expandableModeActive={false}
          isEditableRowOpen={false}
          isExpandableRowOpen={false}
          key="1"
          onCloseRow={[Function]}
          onEditRow={[Function]}
          onExpandRow={[Function]}
          rowIndex={1}
          showRowSeparators={true}
          tableHasScroll={false}
          tableId="table-123"
        >
          <tr
            className="separator"
            key="1"
          >
            <th
              className="is-closed tableRow"
              id="table-1231_0"
              key="table-1231_0"
              scope="row"
            >
              <div
                className="cellContent cellContentLarge"
              />
            </th>
            <td
              className="is-closed right"
              key="table-1231_1"
            >
              <div
                className="cellContent cellContentLarge"
              />
            </td>
            <td
              className="is-closed right"
              key="table-1231_2"
            >
              <div
                className="cellContent cellContentLarge"
              />
            </td>
            <td
              className="is-closed right"
              key="table-1231_3"
            >
              <div
                className="cellContent cellContentLarge"
              />
            </td>
          </tr>
        </TableRow>
        <TableRow
          columns={
            Array [
              Object {
                "fieldName": "month",
                "name": "Måned",
              },
              Object {
                "alignment": "right",
                "fieldName": "amount",
                "name": "Beløp",
              },
              Object {
                "alignment": "right",
                "fieldName": "coverage",
                "name": "Dekningsgrad",
              },
              Object {
                "alignment": "right",
                "fieldName": "revenue",
                "name": "Avkastning",
              },
            ]
          }
          data={
            Object {
              "Avkastning": "2000",
              "Beløp": 100,
              "Dekningsgrad": "20%",
              "Måned": "Mars",
            }
          }
          editModeActive={false}
          expandableModeActive={false}
          isEditableRowOpen={false}
          isExpandableRowOpen={false}
          key="2"
          onCloseRow={[Function]}
          onEditRow={[Function]}
          onExpandRow={[Function]}
          rowIndex={2}
          showRowSeparators={true}
          tableHasScroll={false}
          tableId="table-123"
        >
          <tr
            className="separator"
            key="2"
          >
            <th
              className="is-closed tableRow"
              id="table-1232_0"
              key="table-1232_0"
              scope="row"
            >
              <div
                className="cellContent cellContentLarge"
              />
            </th>
            <td
              className="is-closed right"
              key="table-1232_1"
            >
              <div
                className="cellContent cellContentLarge"
              />
            </td>
            <td
              className="is-closed right"
              key="table-1232_2"
            >
              <div
                className="cellContent cellContentLarge"
              />
            </td>
            <td
              className="is-closed right"
              key="table-1232_3"
            >
              <div
                className="cellContent cellContentLarge"
              />
            </td>
          </tr>
        </TableRow>
        <TableRow
          columns={
            Array [
              Object {
                "fieldName": "month",
                "name": "Måned",
              },
              Object {
                "alignment": "right",
                "fieldName": "amount",
                "name": "Beløp",
              },
              Object {
                "alignment": "right",
                "fieldName": "coverage",
                "name": "Dekningsgrad",
              },
              Object {
                "alignment": "right",
                "fieldName": "revenue",
                "name": "Avkastning",
              },
            ]
          }
          data={
            Object {
              "Avkastning": "1055",
              "Beløp": 100,
              "Dekningsgrad": "30%",
              "Måned": "April",
            }
          }
          editModeActive={false}
          expandableModeActive={false}
          isEditableRowOpen={false}
          isExpandableRowOpen={false}
          key="3"
          onCloseRow={[Function]}
          onEditRow={[Function]}
          onExpandRow={[Function]}
          rowIndex={3}
          showRowSeparators={true}
          tableHasScroll={false}
          tableId="table-123"
        >
          <tr
            className="separator"
            key="3"
          >
            <th
              className="is-closed tableRow"
              id="table-1233_0"
              key="table-1233_0"
              scope="row"
            >
              <div
                className="cellContent cellContentLarge"
              />
            </th>
            <td
              className="is-closed right"
              key="table-1233_1"
            >
              <div
                className="cellContent cellContentLarge"
              />
            </td>
            <td
              className="is-closed right"
              key="table-1233_2"
            >
              <div
                className="cellContent cellContentLarge"
              />
            </td>
            <td
              className="is-closed right"
              key="table-1233_3"
            >
              <div
                className="cellContent cellContentLarge"
              />
            </td>
          </tr>
        </TableRow>
      </tbody>
    </table>
  </div>
</Table>
`;
