// Jest Snapshot v1, https://goo.gl/fbAQLP

exports[`TopBanner komponent matcher snapshot  1`] = `
<header
  className="header-42"
>
  <div
    className="headerLeftContainer-46"
  >
    <a
      className="headerLinkContainer-45"
    >
      <i
        aria-hidden={true}
        className="headerIcon-53"
        data-icon-name="Home"
      >
        
      </i>
      <div
        className="headerLink-43"
      />
    </a>
  </div>
  <div
    className="headerDiagonal-48"
  />
  <div
    className="headerRightContainer-49"
  >
    <div
      className="elementTitle-50"
    />
    <div />
  </div>
</header>
`;
