// Jest Snapshot v1, https://goo.gl/fbAQLP

exports[`TopBanner komponent matcher snapshot  1`] = `
<header
  className="header-72"
>
  <div
    className="headerLeftContainer-76"
  >
    <a
      className="headerLinkContainer-75"
    >
      <i
        aria-hidden={true}
        className="headerIcon-83"
        data-icon-name="Home"
      >
        
      </i>
      <div
        className="headerLink-73"
      />
    </a>
  </div>
  <div
    className="headerDiagonal-78"
  />
  <div
    className="headerRightContainer-79"
  >
    <div
      className="elementTitle-80"
    />
    <div />
  </div>
</header>
`;
